this sdfsdf
this sdfsdf
this sdfsdf
this sdfsdf
this sdfsdf
